C51 COMPILER V9.51   CAPSENSE_TUNERHELPER                                                  11/29/2022 20:10:21 PAGE 1   


C51 COMPILER V9.51, COMPILATION OF MODULE CAPSENSE_TUNERHELPER
OBJECT MODULE PLACED IN .\DP8051\DP8051_Keil_951\Debug\CapSense_TunerHelper.obj
COMPILER INVOKED BY: C:\Program Files (x86)\Cypress\PSoC Creator\4.4\PSoC Creator\import\keil\pk51\9.51\C51\BIN\c51.exe 
                    -Generated_Source\PSoC3\CapSense_TunerHelper.c NOIV LARGE MODDP2 OMF2 VB(1) NOIP INCDIR(.,Generated_Source\PSoC3) FF(3) D
                    -B DF(DEBUG) WL(2) PR(.\DP8051\DP8051_Keil_951\Debug/CapSense_TunerHelper.lst) CD OT(2,SIZE) OJ(.\DP8051\DP8051_Keil_951\
                    -Debug\CapSense_TunerHelper.obj)

line level    source

   1          /*******************************************************************************
   2          * File Name: CapSense_TunerHelper.c
   3          * Version 3.50
   4          *
   5          * Description:
   6          *  This file provides the source code of Tuner helper APIs for the CapSense CSD 
   7          *  component.
   8          *
   9          * Note:
  10          *
  11          ********************************************************************************
  12          * Copyright 2008-2013, Cypress Semiconductor Corporation.  All rights reserved.
  13          * You may use this file only in accordance with the license, terms, conditions,
  14          * disclaimers, and limitations in the end user license agreement accompanying
  15          * the software package with which this file was provided.
  16          *******************************************************************************/
  17          
  18          #include "CapSense_TunerHelper.h"
  19          
  20          #if (CapSense_TUNER_API_GENERATE)
                  volatile CapSense_MAILBOXES CapSense_mailboxesComm;
              #endif  /* (CapSense_TUNER_API_GENERATE) */
  23          
  24          
  25          /*******************************************************************************
  26          * Function Name: CapSense_TunerStart
  27          ********************************************************************************
  28          *
  29          * Summary:
  30          *  Initializes CapSense CSD component and EzI2C communication componenet to use
  31          *  mailbox data structure for communication with Tuner GUI.
  32          *  Start the scanning, after initialization complete.
  33          *
  34          * Parameters:
  35          *  None
  36          *
  37          * Return:
  38          *  None
  39          *
  40          * Reentrant:
  41          *  No
  42          *
  43          * Note:
  44          *  All widgets are enabled by default except proximity widgets. Proximity widgets 
  45          *  must be manually enabled as their long scan time is incompatible 
  46          *  with the fast response required of other widget types. 
  47          *
  48          *******************************************************************************/
  49          void CapSense_TunerStart(void) 
  50          {
  51   1          #if (CapSense_TUNER_API_GENERATE)
                      
C51 COMPILER V9.51   CAPSENSE_TUNERHELPER                                                  11/29/2022 20:10:21 PAGE 2   

                      /* Init mbx and quick check */
                      CapSense_InitMailbox(&CapSense_mailboxesComm.csdMailbox);
                      CapSense_mailboxesComm.numMailBoxes = CapSense_DEFAULT_MAILBOXES_NUMBER;
                      
                      /* Start CapSense and baselines */
                      CapSense_Start();
                      
                      /* Initialize baselines */ 
                      CapSense_InitializeAllBaselines();
                      CapSense_InitializeAllBaselines();
                      
                      /* Start EzI2C, clears buf pointers */
                      EZI2C_Start();
                      
                      /* Setup EzI2C buffers */
                      EZI2C_SetBuffer1(sizeof(CapSense_mailboxesComm), sizeof(CapSense_mailboxesComm),
                                                      (void *) &CapSense_mailboxesComm);
                      
                      /* Starts scan all enabled sensors */
                      CapSense_ScanEnabledWidgets();
                  
                  #endif  /* (CapSense_TUNER_API_GENERATE) */
  75   1      }
  76          
  77          
  78          /*******************************************************************************
  79          * Function Name: CapSense_TunerComm
  80          ********************************************************************************
  81          *
  82          * Summary:
  83          *  This function is blocking. It waits till scaning loop is completed and apply
  84          *  new parameters from Tuner GUI if available (manual tuning mode only). Updates
  85          *  enabled baselines and state of widgets. Waits while Tuner GUI reports that 
  86          *  content of mailbox could be modified. Then loads the report data into outbox 
  87          *  and sets the busy flag. Starts new scanning loop.
  88          *  
  89          * Parameters:
  90          *  None
  91          *
  92          * Return:
  93          *  None
  94          *
  95          * Reentrant:
  96          *  No
  97          *
  98          *******************************************************************************/
  99          void CapSense_TunerComm(void) 
 100          {
 101   1          #if (CapSense_TUNER_API_GENERATE)
                      if (0u == CapSense_IsBusy())
                      {   
                          /* Apply new settings */
                          #if (CapSense_TUNING_METHOD == CapSense_MANUAL_TUNING)
                              CapSense_ReadMessage(&CapSense_mailboxesComm.csdMailbox);
                          #endif  /* (CapSense_TUNING_METHOD == CapSense_MANUAL_TUNING) */
              
                          /* Update all baselines and process all widgets */
                          CapSense_UpdateEnabledBaselines();
                          CapSense_ProcessAllWidgets(&CapSense_mailboxesComm.csdMailbox.outbox);
                          CapSense_PostMessage(&CapSense_mailboxesComm.csdMailbox);
              
                          /* Enable EZI2C interrupts, after scan complete */
C51 COMPILER V9.51   CAPSENSE_TUNERHELPER                                                  11/29/2022 20:10:21 PAGE 3   

                          EZI2C_EnableInt();
              
                          while((CapSense_mailboxesComm.csdMailbox.type != CapSense_TYPE_ID) || \
                                ((EZI2C_GetActivity() & EZI2C_STATUS_BUSY) != 0u)){}
                          
                          /* Disable EZI2C interrupts, while scanning */
                          EZI2C_DisableInt();
                          
                          /* Start scan all sensors */
                          CapSense_ScanEnabledWidgets();
                      }
                  #endif /* (CapSense_TUNER_API_GENERATE) */
 127   1      }
 128          
 129          
 130          #if (CapSense_TUNER_API_GENERATE)
                  /*******************************************************************************
                  * Function Name: CapSense_ProcessAllWidgets
                  ********************************************************************************
                  *
                  * Summary:
                  *  Call required functions to update all widgets state:
                  *   - CapSense_GetCentroidPos() - calls only if linear sliders 
                  *     available.
                  *   - CapSense_GetRadialCentroidPos() - calls only if radial slider 
                  *     available.
                  *   - CapSense_GetTouchCentroidPos() - calls only if touch pad slider 
                  *     available.
                  *   - CapSense_CheckIsAnyWidgetActive();
                  *  The results of opeartions are copied to OUTBOX.
                  *   
                  * Parameters:
                  *  None
                  *
                  * Return:
                  *  None
                  *
                  * Global Variables:
                  *  CapSense_OUTBOX outbox - structure which is used as ouput 
                  *  buffer for report data to Tuner GUI.
                  *  Update fields:
                  *    - position[];
                  *    - OnMask[];
                  *
                  * Reentrant:
                  *  No
                  *
                  *******************************************************************************/
                  void CapSense_ProcessAllWidgets(volatile CapSense_OUTBOX *outbox)
                                                              
                  {
                      uint8 i = 0u;
                              #if (CapSense_TOTAL_MATRIX_BUTTONS_COUNT)
                              volatile uint8 *mbPositionAddr;
                              #endif /* (CapSense_TOTAL_MATRIX_BUTTONS_COUNT) */
              
                      #if (CapSense_TOTAL_TOUCH_PADS_COUNT)
                          uint16 pos[2];
                      #endif  /* (CapSense_TOTAL_TOUCH_PADS_COUNT) */
                      
                      #if ( (CapSense_TOTAL_RADIAL_SLIDERS_COUNT) || (CapSense_TOTAL_TOUCH_PADS_COUNT) || \
                            (CapSense_TOTAL_MATRIX_BUTTONS_COUNT) )
C51 COMPILER V9.51   CAPSENSE_TUNERHELPER                                                  11/29/2022 20:10:21 PAGE 4   

                          uint8 widgetCnt;
                      #endif  /* ((CapSense_TOTAL_RADIAL_SLIDERS_COUNT) || (CapSense_TOTAL_TOUCH_PADS_COUNT)) || 
                              *   (CapSense_TOTAL_MATRIX_BUTTONS_COUNT)
                              */
                      
                      /* Calculate widget with centroids */
                      #if (CapSense_TOTAL_LINEAR_SLIDERS_COUNT)
                          for(; i < CapSense_TOTAL_LINEAR_SLIDERS_COUNT; i++)
                          {
                              outbox->position[i] = CapSense_SWAP_ENDIAN16(CapSense_GetCentroidPos(i));
                          }
                      #endif /* (CapSense_TOTAL_LINEAR_SLIDERS_COUNT) */
                      
                      #if (CapSense_TOTAL_RADIAL_SLIDERS_COUNT)
                          widgetCnt = i;
                          for(; i < (widgetCnt + CapSense_TOTAL_RADIAL_SLIDERS_COUNT); i++)
                          {
                              outbox->position[i] = CapSense_SWAP_ENDIAN16(CapSense_GetRadialCentroidPos(i));
                          }
                      #endif /* (CapSense_TOTAL_RADIAL_SLIDERS_COUNT) */
                      
                      #if (CapSense_TOTAL_TOUCH_PADS_COUNT)
                          widgetCnt = i;
                          for(; i < (widgetCnt + (CapSense_TOTAL_TOUCH_PADS_COUNT * 2u)); i = (i+2u))
                          {
                              if(CapSense_GetTouchCentroidPos(i, pos) == 0u)
                              {
                                  outbox->position[i] = 0xFFFFu;
                                  outbox->position[i+1u] = 0xFFFFu;
                              }
                              else
                              {
                                  outbox->position[i] = CapSense_SWAP_ENDIAN16( (uint16) pos[0u]);
                                  outbox->position[i+1u] = CapSense_SWAP_ENDIAN16( (uint16) pos[1u]);
                              }
                          }
                      #endif /* (CapSense_TOTAL_TOUCH_PADS_COUNT) */
              
                      #if (CapSense_TOTAL_MATRIX_BUTTONS_COUNT)
                          i += CapSense_TOTAL_BUTTONS_COUNT;
                          widgetCnt = 0u;
                          for(; widgetCnt < (CapSense_TOTAL_MATRIX_BUTTONS_COUNT * 2u); widgetCnt += 2u)
                          {
                              mbPositionAddr = &outbox->mbPosition[widgetCnt];
                              if(CapSense_GetMatrixButtonPos(i, ((uint8*) mbPositionAddr)) == 0u)
                              {
                                  outbox->mbPosition[widgetCnt] = 0xFFu;
                                  outbox->mbPosition[widgetCnt+1u] = 0xFFu;
                              }
                              i += 2u;
                          }
                      #endif /* (CapSense_TOTAL_MATRIX_BUTTONS_COUNT) */
              
                      /* Update On/Off State */
                      (void)CapSense_CheckIsAnyWidgetActive();
              
                      /* Copy OnMask */
                      for(i = 0u; i < CapSense_TOTAL_SENSOR_MASK_COUNT; i++)
                      {
                          outbox->onMask[i]  = CapSense_sensorOnMask[i];
                      }
                  }
C51 COMPILER V9.51   CAPSENSE_TUNERHELPER                                                  11/29/2022 20:10:21 PAGE 5   

              #endif /* (CapSense_TUNER_API_GENERATE) */
 240          
 241          
 242          /* [] END OF FILE */
C51 COMPILER V9.51   CAPSENSE_TUNERHELPER                                                  11/29/2022 20:10:21 PAGE 6   

ASSEMBLY LISTING OF GENERATED OBJECT CODE


             ; FUNCTION CapSense_TunerStart (BEGIN)
                                           ; SOURCE LINE # 49
                                           ; SOURCE LINE # 50
                                           ; SOURCE LINE # 75
0000 22                RET     
             ; FUNCTION CapSense_TunerStart (END)

             ; FUNCTION CapSense_TunerComm (BEGIN)
                                           ; SOURCE LINE # 99
                                           ; SOURCE LINE # 100
                                           ; SOURCE LINE # 127
0000 22                RET     
             ; FUNCTION CapSense_TunerComm (END)



MODULE INFORMATION:   STATIC OVERLAYABLE
   CODE SIZE        =      2    ----
   CONSTANT SIZE    =   ----    ----
   XDATA SIZE       =   ----    ----
   PDATA SIZE       =   ----    ----
   DATA SIZE        =   ----    ----
   IDATA SIZE       =   ----    ----
   BIT SIZE         =   ----    ----
   EDATA SIZE       =   ----    ----
   HDATA SIZE       =   ----    ----
   XDATA CONST SIZE =   ----    ----
   FAR CONST SIZE   =   ----    ----
END OF MODULE INFORMATION.


C51 COMPILATION COMPLETE.  0 WARNING(S),  0 ERROR(S)
